DEBUG: faulthandler enabled
DEBUG: acquiring lock...
DEBUG lock: trying C:\Users\abyom\AppData\Local\Temp\backupsys.lock
DEBUG lock: acquired OK
DEBUG: lock=<_io.TextIOWrapper name='C:\\Users\\abyom\\AppData\\Local\\Temp\\backupsys.lock' mode='w' encoding='cp932'>
DEBUG: creating QApplication...
DEBUG: creating TrayApp...
DEBUG: TrayApp.__init__ - creating MainWindow...
DEBUG: MainWindow.__init__ start
DEBUG: super().__init__ OK
DEBUG: calling _load_config...
DEBUG: calling _build_ui...
DEBUG: _build_ui OK
DEBUG: calling _start_watchers...
DEBUG: calling _start_auto_timer...
DEBUG: _start_auto_timer OK
DEBUG: creating IntegrityScheduler...
DEBUG: IntegrityScheduler created
DEBUG: IntegrityScheduler started
DEBUG: setting up QTimer.singleShot calls...
DEBUG: creating DriveTriggerMonitor...
DEBUG: DriveTriggerMonitor created
DEBUG: DriveTriggerMonitor started
DEBUG: MainWindow.__init__ COMPLETE
DEBUG: MainWindow created OK
DEBUG: window_mode=False
DEBUG: creating tray icon...
DEBUG: QSystemTrayIcon created
DEBUG: tray icon set
DEBUG: building tray menu...
DEBUG: setting tray menu...
DEBUG: set_tray...
DEBUG: tray.show()...
DEBUG: tray shown OK
DEBUG: TrayApp created OK
DEBUG: scheduling deferred window show...
DEBUG: entering event loop...
DEBUG: _show_window -> stripping stylesheet...
DEBUG: _show_window -> window.show()
Windows fatal exception: access violation

Thread 0x00000bf8 (most recent call first):
  File "D:\backupsys_web\desktop_app.py", line 1004 in run

Current thread 0x000036b4 (most recent call first):
  File "D:\backupsys_web\desktop_app.py", line 11851 in _show_window
  File "D:\backupsys_web\desktop_app.py", line 12018 in main
  File "D:\backupsys_web\desktop_app.py", line 12097 in <module>
